<?xml version="1.0" encoding="utf-8"?><testsuite errors="0" failures="0" name="pytest" skips="0" tests="1" time="0.313"><testcase classname="tests.test_setup" file="tests/test_setup.py" line="0" name="test_that_the_tests_are_configured" time="0.0013136863708496094"></testcase></testsuite>